{
    "bacteroides_fragilis - genome.fa.gz -- stub": {
        "content": [
            {
                "0": [
                    [
                        {
                            "id": "test"
                        },
                        "test.txt:md5,d41d8cd98f00b204e9800998ecf8427e"
                    ]
                ],
                "1": [
                    "versions.yml:md5,2204fb00277c287f5f3d82e28964aa03"
                ],
                "report": [
                    [
                        {
                            "id": "test"
                        },
                        "test.txt:md5,d41d8cd98f00b204e9800998ecf8427e"
                    ]
                ],
                "versions": [
                    "versions.yml:md5,2204fb00277c287f5f3d82e28964aa03"
                ]
            },
            {
                "ABRICATE_RUN": {
                    "abricate": "1.0.1"
                }
            }
        ],
        "meta": {
            "nf-test": "0.9.2",
            "nextflow": "25.04.2"
        },
        "timestamp": "2025-06-10T22:50:49.287882484"
    },
    "bacteroides_fragilis - genome.fa.gz": {
        "content": [
            {
                "0": [
                    [
                        {
                            "id": "test"
                        },
                        "test.txt:md5,b48f4f5f78982a221038fd9f0a3aa504"
                    ]
                ],
                "1": [
                    "versions.yml:md5,2204fb00277c287f5f3d82e28964aa03"
                ],
                "report": [
                    [
                        {
                            "id": "test"
                        },
                        "test.txt:md5,b48f4f5f78982a221038fd9f0a3aa504"
                    ]
                ],
                "versions": [
                    "versions.yml:md5,2204fb00277c287f5f3d82e28964aa03"
                ]
            },
            {
                "ABRICATE_RUN": {
                    "abricate": "1.0.1"
                }
            }
        ],
        "meta": {
            "nf-test": "0.9.2",
            "nextflow": "25.04.2"
        },
        "timestamp": "2025-06-10T22:50:41.585411247"
    }
}
