{
    "Multiple reports - summary bacteroides_fragilis and haemophilus_influenzae": {
        "content": [
            {
                "0": [
                    [
                        {
                            "id": "test_summary"
                        },
                        "test_summary.txt:md5,a4ec7010e75404ce3a1033f0c4b4a7f9"
                    ]
                ],
                "1": [
                    "versions.yml:md5,1fadc3c51127e35186a8f1d4ec21ea07"
                ],
                "report": [
                    [
                        {
                            "id": "test_summary"
                        },
                        "test_summary.txt:md5,a4ec7010e75404ce3a1033f0c4b4a7f9"
                    ]
                ],
                "versions": [
                    "versions.yml:md5,1fadc3c51127e35186a8f1d4ec21ea07"
                ]
            },
            {
                "ABRICATE_SUMMARY": {
                    "abricate": "1.0.1"
                }
            }
        ],
        "meta": {
            "nf-test": "0.9.2",
            "nextflow": "25.04.2"
        },
        "timestamp": "2025-06-10T22:53:20.811998373"
    },
    "Single report -- stub": {
        "content": [
            {
                "0": [
                    [
                        {
                            "id": "test_summary"
                        },
                        "test_summary.txt:md5,d41d8cd98f00b204e9800998ecf8427e"
                    ]
                ],
                "1": [
                    "versions.yml:md5,1fadc3c51127e35186a8f1d4ec21ea07"
                ],
                "report": [
                    [
                        {
                            "id": "test_summary"
                        },
                        "test_summary.txt:md5,d41d8cd98f00b204e9800998ecf8427e"
                    ]
                ],
                "versions": [
                    "versions.yml:md5,1fadc3c51127e35186a8f1d4ec21ea07"
                ]
            },
            {
                "ABRICATE_SUMMARY": {
                    "abricate": "1.0.1"
                }
            }
        ],
        "meta": {
            "nf-test": "0.9.2",
            "nextflow": "25.04.2"
        },
        "timestamp": "2025-06-10T22:53:27.087492986"
    }
}
